// Jest Snapshot v1, https://goo.gl/fbAQLP

exports[`SIGNUPPAGE should match the snapshot 1`] = `
<div>
  <ContextConsumer>
    <Component />
  </ContextConsumer>
</div>
`;
